###############################################################################
#
# IAR ELF Linker V7.50.3.10732/W32 for ARM                18/Dec/2017  22:46:40
# Copyright 2007-2016 IAR Systems AB.
#
#    Output file  =  
#        C:\Users\ñÒºé±ö\Desktop\NXPCar2017\Prj\IAR\Debug\Exe\NXPCar2018.out
#    Map file     =  
#        C:\Users\ñÒºé±ö\Desktop\NXPCar2017\Prj\IAR\Debug\List\NXPCar2018.map
#    Command line =  
#        C:\Users\ñÒºé±ö\Desktop\NXPCar2017\Prj\IAR\Debug\Obj\camera.o
#        C:\Users\ñÒºé±ö\Desktop\NXPCar2017\Prj\IAR\Debug\Obj\Debug.o
#        C:\Users\ñÒºé±ö\Desktop\NXPCar2017\Prj\IAR\Debug\Obj\diskio.o
#        C:\Users\ñÒºé±ö\Desktop\NXPCar2017\Prj\IAR\Debug\Obj\Encoder.o
#        C:\Users\ñÒºé±ö\Desktop\NXPCar2017\Prj\IAR\Debug\Obj\F6x8.o
#        C:\Users\ñÒºé±ö\Desktop\NXPCar2017\Prj\IAR\Debug\Obj\F8x16.o
#        C:\Users\ñÒºé±ö\Desktop\NXPCar2017\Prj\IAR\Debug\Obj\ff.o
#        C:\Users\ñÒºé±ö\Desktop\NXPCar2017\Prj\IAR\Debug\Obj\GUI2DLib.o
#        C:\Users\ñÒºé±ö\Desktop\NXPCar2017\Prj\IAR\Debug\Obj\GUI__AddSpaceHex.o
#        C:\Users\ñÒºé±ö\Desktop\NXPCar2017\Prj\IAR\Debug\Obj\GUI__CalcTextRect.o
#        C:\Users\ñÒºé±ö\Desktop\NXPCar2017\Prj\IAR\Debug\Obj\GUI__DivideRound.o
#        C:\Users\ñÒºé±ö\Desktop\NXPCar2017\Prj\IAR\Debug\Obj\GUI__DivideRound32.o
#        C:\Users\ñÒºé±ö\Desktop\NXPCar2017\Prj\IAR\Debug\Obj\GUI__GetFontSizeY.o
#        C:\Users\ñÒºé±ö\Desktop\NXPCar2017\Prj\IAR\Debug\Obj\GUI__GetNumChars.o
#        C:\Users\ñÒºé±ö\Desktop\NXPCar2017\Prj\IAR\Debug\Obj\GUI__HandleEOLine.o
#        C:\Users\ñÒºé±ö\Desktop\NXPCar2017\Prj\IAR\Debug\Obj\GUI__IntersectRect.o
#        C:\Users\ñÒºé±ö\Desktop\NXPCar2017\Prj\IAR\Debug\Obj\GUI__IntersectRects.o
#        C:\Users\ñÒºé±ö\Desktop\NXPCar2017\Prj\IAR\Debug\Obj\GUI__memset.o
#        C:\Users\ñÒºé±ö\Desktop\NXPCar2017\Prj\IAR\Debug\Obj\GUI__memset16.o
#        C:\Users\ñÒºé±ö\Desktop\NXPCar2017\Prj\IAR\Debug\Obj\GUI__Read.o
#        C:\Users\ñÒºé±ö\Desktop\NXPCar2017\Prj\IAR\Debug\Obj\GUI__ReduceRect.o
#        C:\Users\ñÒºé±ö\Desktop\NXPCar2017\Prj\IAR\Debug\Obj\GUI__SetText.o
#        C:\Users\ñÒºé±ö\Desktop\NXPCar2017\Prj\IAR\Debug\Obj\GUI__strcmp.o
#        C:\Users\ñÒºé±ö\Desktop\NXPCar2017\Prj\IAR\Debug\Obj\GUI__strlen.o
#        C:\Users\ñÒºé±ö\Desktop\NXPCar2017\Prj\IAR\Debug\Obj\GUI__Wrap.o
#        C:\Users\ñÒºé±ö\Desktop\NXPCar2017\Prj\IAR\Debug\Obj\GUI_AddBin.o
#        C:\Users\ñÒºé±ö\Desktop\NXPCar2017\Prj\IAR\Debug\Obj\GUI_AddDec.o
#        C:\Users\ñÒºé±ö\Desktop\NXPCar2017\Prj\IAR\Debug\Obj\GUI_AddDecMin.o
#        C:\Users\ñÒºé±ö\Desktop\NXPCar2017\Prj\IAR\Debug\Obj\GUI_AddDecShift.o
#        C:\Users\ñÒºé±ö\Desktop\NXPCar2017\Prj\IAR\Debug\Obj\GUI_AddHex.o
#        C:\Users\ñÒºé±ö\Desktop\NXPCar2017\Prj\IAR\Debug\Obj\GUI_AddKeyMsgHook.o
#        C:\Users\ñÒºé±ö\Desktop\NXPCar2017\Prj\IAR\Debug\Obj\GUI_ALLOC_AllocInit.o
#        C:\Users\ñÒºé±ö\Desktop\NXPCar2017\Prj\IAR\Debug\Obj\GUI_ALLOC_AllocZero.o
#        C:\Users\ñÒºé±ö\Desktop\NXPCar2017\Prj\IAR\Debug\Obj\GUI_BMP.o
#        C:\Users\ñÒºé±ö\Desktop\NXPCar2017\Prj\IAR\Debug\Obj\GUI_BMP_Serialize.o
#        C:\Users\ñÒºé±ö\Desktop\NXPCar2017\Prj\IAR\Debug\Obj\GUI_CalcColorDist.o
#        C:\Users\ñÒºé±ö\Desktop\NXPCar2017\Prj\IAR\Debug\Obj\GUI_ClearRectEx.o
#        C:\Users\ñÒºé±ö\Desktop\NXPCar2017\Prj\IAR\Debug\Obj\GUI_Color2VisColor.o
#        C:\Users\ñÒºé±ö\Desktop\NXPCar2017\Prj\IAR\Debug\Obj\GUI_CursorArrowL.o
#        C:\Users\ñÒºé±ö\Desktop\NXPCar2017\Prj\IAR\Debug\Obj\GUI_CursorArrowLI.o
#        C:\Users\ñÒºé±ö\Desktop\NXPCar2017\Prj\IAR\Debug\Obj\GUI_CursorArrowLPx.o
#        C:\Users\ñÒºé±ö\Desktop\NXPCar2017\Prj\IAR\Debug\Obj\GUI_CursorArrowM.o
#        C:\Users\ñÒºé±ö\Desktop\NXPCar2017\Prj\IAR\Debug\Obj\GUI_CursorArrowMI.o
#        C:\Users\ñÒºé±ö\Desktop\NXPCar2017\Prj\IAR\Debug\Obj\GUI_CursorArrowMPx.o
#        C:\Users\ñÒºé±ö\Desktop\NXPCar2017\Prj\IAR\Debug\Obj\GUI_CursorArrowS.o
#        C:\Users\ñÒºé±ö\Desktop\NXPCar2017\Prj\IAR\Debug\Obj\GUI_CursorArrowSI.o
#        C:\Users\ñÒºé±ö\Desktop\NXPCar2017\Prj\IAR\Debug\Obj\GUI_CursorArrowSPx.o
#        C:\Users\ñÒºé±ö\Desktop\NXPCar2017\Prj\IAR\Debug\Obj\GUI_CursorCrossL.o
#        C:\Users\ñÒºé±ö\Desktop\NXPCar2017\Prj\IAR\Debug\Obj\GUI_CursorCrossLI.o
#        C:\Users\ñÒºé±ö\Desktop\NXPCar2017\Prj\IAR\Debug\Obj\GUI_CursorCrossLPx.o
#        C:\Users\ñÒºé±ö\Desktop\NXPCar2017\Prj\IAR\Debug\Obj\GUI_CursorCrossM.o
#        C:\Users\ñÒºé±ö\Desktop\NXPCar2017\Prj\IAR\Debug\Obj\GUI_CursorCrossMI.o
#        C:\Users\ñÒºé±ö\Desktop\NXPCar2017\Prj\IAR\Debug\Obj\GUI_CursorCrossMPx.o
#        C:\Users\ñÒºé±ö\Desktop\NXPCar2017\Prj\IAR\Debug\Obj\GUI_CursorCrossS.o
#        C:\Users\ñÒºé±ö\Desktop\NXPCar2017\Prj\IAR\Debug\Obj\GUI_CursorCrossSI.o
#        C:\Users\ñÒºé±ö\Desktop\NXPCar2017\Prj\IAR\Debug\Obj\GUI_CursorCrossSPx.o
#        C:\Users\ñÒºé±ö\Desktop\NXPCar2017\Prj\IAR\Debug\Obj\GUI_CursorHeaderM.o
#        C:\Users\ñÒºé±ö\Desktop\NXPCar2017\Prj\IAR\Debug\Obj\GUI_CursorHeaderMI.o
#        C:\Users\ñÒºé±ö\Desktop\NXPCar2017\Prj\IAR\Debug\Obj\GUI_CursorHeaderMPx.o
#        C:\Users\ñÒºé±ö\Desktop\NXPCar2017\Prj\IAR\Debug\Obj\GUI_CursorPal.o
#        C:\Users\ñÒºé±ö\Desktop\NXPCar2017\Prj\IAR\Debug\Obj\GUI_CursorPalI.o
#        C:\Users\ñÒºé±ö\Desktop\NXPCar2017\Prj\IAR\Debug\Obj\GUI_DispBin.o
#        C:\Users\ñÒºé±ö\Desktop\NXPCar2017\Prj\IAR\Debug\Obj\GUI_DispCEOL.o
#        C:\Users\ñÒºé±ö\Desktop\NXPCar2017\Prj\IAR\Debug\Obj\GUI_DispChar.o
#        C:\Users\ñÒºé±ö\Desktop\NXPCar2017\Prj\IAR\Debug\Obj\GUI_DispChars.o
#        C:\Users\ñÒºé±ö\Desktop\NXPCar2017\Prj\IAR\Debug\Obj\GUI_DispHex.o
#        C:\Users\ñÒºé±ö\Desktop\NXPCar2017\Prj\IAR\Debug\Obj\GUI_DispString.o
#        C:\Users\ñÒºé±ö\Desktop\NXPCar2017\Prj\IAR\Debug\Obj\GUI_DispStringAt.o
#        C:\Users\ñÒºé±ö\Desktop\NXPCar2017\Prj\IAR\Debug\Obj\GUI_DispStringAtCEOL.o
#        C:\Users\ñÒºé±ö\Desktop\NXPCar2017\Prj\IAR\Debug\Obj\GUI_DispStringHCenter.o
#        C:\Users\ñÒºé±ö\Desktop\NXPCar2017\Prj\IAR\Debug\Obj\GUI_DispStringInRect.o
#        C:\Users\ñÒºé±ö\Desktop\NXPCar2017\Prj\IAR\Debug\Obj\GUI_DispStringInRectEx.o
#        C:\Users\ñÒºé±ö\Desktop\NXPCar2017\Prj\IAR\Debug\Obj\GUI_DispStringInRectMax.o
#        C:\Users\ñÒºé±ö\Desktop\NXPCar2017\Prj\IAR\Debug\Obj\GUI_DispStringLen.o
#        C:\Users\ñÒºé±ö\Desktop\NXPCar2017\Prj\IAR\Debug\Obj\GUI_DrawBitmap.o
#        C:\Users\ñÒºé±ö\Desktop\NXPCar2017\Prj\IAR\Debug\Obj\GUI_DrawBitmapEx.o
#        C:\Users\ñÒºé±ö\Desktop\NXPCar2017\Prj\IAR\Debug\Obj\GUI_DrawBitmapExp.o
#        C:\Users\ñÒºé±ö\Desktop\NXPCar2017\Prj\IAR\Debug\Obj\GUI_DrawBitmapMag.o
#        C:\Users\ñÒºé±ö\Desktop\NXPCar2017\Prj\IAR\Debug\Obj\GUI_DrawFocusRect.o
#        C:\Users\ñÒºé±ö\Desktop\NXPCar2017\Prj\IAR\Debug\Obj\GUI_DrawGraph.o
#        C:\Users\ñÒºé±ö\Desktop\NXPCar2017\Prj\IAR\Debug\Obj\GUI_DrawHLine.o
#        C:\Users\ñÒºé±ö\Desktop\NXPCar2017\Prj\IAR\Debug\Obj\GUI_DrawPie.o
#        C:\Users\ñÒºé±ö\Desktop\NXPCar2017\Prj\IAR\Debug\Obj\GUI_DrawPixel.o
#        C:\Users\ñÒºé±ö\Desktop\NXPCar2017\Prj\IAR\Debug\Obj\GUI_DrawPolyline.o
#        C:\Users\ñÒºé±ö\Desktop\NXPCar2017\Prj\IAR\Debug\Obj\GUI_DrawRectEx.o
#        C:\Users\ñÒºé±ö\Desktop\NXPCar2017\Prj\IAR\Debug\Obj\GUI_DrawVLine.o
#        C:\Users\ñÒºé±ö\Desktop\NXPCar2017\Prj\IAR\Debug\Obj\GUI_ErrorOut.o
#        C:\Users\ñÒºé±ö\Desktop\NXPCar2017\Prj\IAR\Debug\Obj\GUI_Exec.o
#        C:\Users\ñÒºé±ö\Desktop\NXPCar2017\Prj\IAR\Debug\Obj\GUI_FillPolygon.o
#        C:\Users\ñÒºé±ö\Desktop\NXPCar2017\Prj\IAR\Debug\Obj\GUI_FillRect.o
#        C:\Users\ñÒºé±ö\Desktop\NXPCar2017\Prj\IAR\Debug\Obj\GUI_FillRectEx.o
#        C:\Users\ñÒºé±ö\Desktop\NXPCar2017\Prj\IAR\Debug\Obj\GUI_GetBitmapPixelColor.o
#        C:\Users\ñÒºé±ö\Desktop\NXPCar2017\Prj\IAR\Debug\Obj\GUI_GetBitmapPixelIndex.o
#        C:\Users\ñÒºé±ö\Desktop\NXPCar2017\Prj\IAR\Debug\Obj\GUI_GetClientRect.o
#        C:\Users\ñÒºé±ö\Desktop\NXPCar2017\Prj\IAR\Debug\Obj\GUI_GetColor.o
#        C:\Users\ñÒºé±ö\Desktop\NXPCar2017\Prj\IAR\Debug\Obj\GUI_GetDispPos.o
#        C:\Users\ñÒºé±ö\Desktop\NXPCar2017\Prj\IAR\Debug\Obj\GUI_GetFont.o
#        C:\Users\ñÒºé±ö\Desktop\NXPCar2017\Prj\IAR\Debug\Obj\GUI_GetFontInfo.o
#        C:\Users\ñÒºé±ö\Desktop\NXPCar2017\Prj\IAR\Debug\Obj\GUI_GetFontSizeY.o
#        C:\Users\ñÒºé±ö\Desktop\NXPCar2017\Prj\IAR\Debug\Obj\GUI_GetLineStyle.o
#        C:\Users\ñÒºé±ö\Desktop\NXPCar2017\Prj\IAR\Debug\Obj\GUI_GetStringDistX.o
#        C:\Users\ñÒºé±ö\Desktop\NXPCar2017\Prj\IAR\Debug\Obj\GUI_GetTextAlign.o
#        C:\Users\ñÒºé±ö\Desktop\NXPCar2017\Prj\IAR\Debug\Obj\GUI_GetTextExtend.o
#        C:\Users\ñÒºé±ö\Desktop\NXPCar2017\Prj\IAR\Debug\Obj\GUI_GetTextMode.o
#        C:\Users\ñÒºé±ö\Desktop\NXPCar2017\Prj\IAR\Debug\Obj\GUI_GetVersionString.o
#        C:\Users\ñÒºé±ö\Desktop\NXPCar2017\Prj\IAR\Debug\Obj\GUI_GetYSizeOfFont.o
#        C:\Users\ñÒºé±ö\Desktop\NXPCar2017\Prj\IAR\Debug\Obj\GUI_Goto.o
#        C:\Users\ñÒºé±ö\Desktop\NXPCar2017\Prj\IAR\Debug\Obj\GUI_InitLUT.o
#        C:\Users\ñÒºé±ö\Desktop\NXPCar2017\Prj\IAR\Debug\Obj\GUI_InvertRect.o
#        C:\Users\ñÒºé±ö\Desktop\NXPCar2017\Prj\IAR\Debug\Obj\GUI_IsInFont.o
#        C:\Users\ñÒºé±ö\Desktop\NXPCar2017\Prj\IAR\Debug\Obj\GUI_Log.o
#        C:\Users\ñÒºé±ö\Desktop\NXPCar2017\Prj\IAR\Debug\Obj\GUI_MergeRect.o
#        C:\Users\ñÒºé±ö\Desktop\NXPCar2017\Prj\IAR\Debug\Obj\GUI_MOUSE.o
#        C:\Users\ñÒºé±ö\Desktop\NXPCar2017\Prj\IAR\Debug\Obj\GUI_MOUSE_DriverPS2.o
#        C:\Users\ñÒºé±ö\Desktop\NXPCar2017\Prj\IAR\Debug\Obj\GUI_MoveRect.o
#        C:\Users\ñÒºé±ö\Desktop\NXPCar2017\Prj\IAR\Debug\Obj\GUI_OnKey.o
#        C:\Users\ñÒºé±ö\Desktop\NXPCar2017\Prj\IAR\Debug\Obj\GUI_Pen.o
#        C:\Users\ñÒºé±ö\Desktop\NXPCar2017\Prj\IAR\Debug\Obj\GUI_PID.o
#        C:\Users\ñÒºé±ö\Desktop\NXPCar2017\Prj\IAR\Debug\Obj\GUI_RectsIntersect.o
#        C:\Users\ñÒºé±ö\Desktop\NXPCar2017\Prj\IAR\Debug\Obj\GUI_SaveContext.o
#        C:\Users\ñÒºé±ö\Desktop\NXPCar2017\Prj\IAR\Debug\Obj\GUI_SelectLayer.o
#        C:\Users\ñÒºé±ö\Desktop\NXPCar2017\Prj\IAR\Debug\Obj\GUI_SelectLCD.o
#        C:\Users\ñÒºé±ö\Desktop\NXPCar2017\Prj\IAR\Debug\Obj\GUI_SetColor.o
#        C:\Users\ñÒºé±ö\Desktop\NXPCar2017\Prj\IAR\Debug\Obj\GUI_SetColorIndex.o
#        C:\Users\ñÒºé±ö\Desktop\NXPCar2017\Prj\IAR\Debug\Obj\GUI_SetDecChar.o
#        C:\Users\ñÒºé±ö\Desktop\NXPCar2017\Prj\IAR\Debug\Obj\GUI_SetDefault.o
#        C:\Users\ñÒºé±ö\Desktop\NXPCar2017\Prj\IAR\Debug\Obj\GUI_SetDrawMode.o
#        C:\Users\ñÒºé±ö\Desktop\NXPCar2017\Prj\IAR\Debug\Obj\GUI_SetFont.o
#        C:\Users\ñÒºé±ö\Desktop\NXPCar2017\Prj\IAR\Debug\Obj\GUI_SetLBorder.o
#        C:\Users\ñÒºé±ö\Desktop\NXPCar2017\Prj\IAR\Debug\Obj\GUI_SetLineStyle.o
#        C:\Users\ñÒºé±ö\Desktop\NXPCar2017\Prj\IAR\Debug\Obj\GUI_SetLUTColor.o
#        C:\Users\ñÒºé±ö\Desktop\NXPCar2017\Prj\IAR\Debug\Obj\GUI_SetLUTColorEx.o
#        C:\Users\ñÒºé±ö\Desktop\NXPCar2017\Prj\IAR\Debug\Obj\GUI_SetLUTEntry.o
#        C:\Users\ñÒºé±ö\Desktop\NXPCar2017\Prj\IAR\Debug\Obj\GUI_SetOrg.o
#        C:\Users\ñÒºé±ö\Desktop\NXPCar2017\Prj\IAR\Debug\Obj\GUI_SetPixelIndex.o
#        C:\Users\ñÒºé±ö\Desktop\NXPCar2017\Prj\IAR\Debug\Obj\GUI_SetTextAlign.o
#        C:\Users\ñÒºé±ö\Desktop\NXPCar2017\Prj\IAR\Debug\Obj\GUI_SetTextMode.o
#        C:\Users\ñÒºé±ö\Desktop\NXPCar2017\Prj\IAR\Debug\Obj\GUI_SetTextStyle.o
#        C:\Users\ñÒºé±ö\Desktop\NXPCar2017\Prj\IAR\Debug\Obj\GUI_SIF.o
#        C:\Users\ñÒºé±ö\Desktop\NXPCar2017\Prj\IAR\Debug\Obj\GUI_SIF_Prop.o
#        C:\Users\ñÒºé±ö\Desktop\NXPCar2017\Prj\IAR\Debug\Obj\GUI_UC.o
#        C:\Users\ñÒºé±ö\Desktop\NXPCar2017\Prj\IAR\Debug\Obj\GUI_UC_DispString.o
#        C:\Users\ñÒºé±ö\Desktop\NXPCar2017\Prj\IAR\Debug\Obj\GUI_UC_EncodeNone.o
#        C:\Users\ñÒºé±ö\Desktop\NXPCar2017\Prj\IAR\Debug\Obj\GUI_UC_EncodeUTF8.o
#        C:\Users\ñÒºé±ö\Desktop\NXPCar2017\Prj\IAR\Debug\Obj\GUI_WaitEvent.o
#        C:\Users\ñÒºé±ö\Desktop\NXPCar2017\Prj\IAR\Debug\Obj\GUI_WaitKey.o
#        C:\Users\ñÒºé±ö\Desktop\NXPCar2017\Prj\IAR\Debug\Obj\GUI_Warn.o
#        C:\Users\ñÒºé±ö\Desktop\NXPCar2017\Prj\IAR\Debug\Obj\GUI_X.o
#        C:\Users\ñÒºé±ö\Desktop\NXPCar2017\Prj\IAR\Debug\Obj\GUIAlloc.o
#        C:\Users\ñÒºé±ö\Desktop\NXPCar2017\Prj\IAR\Debug\Obj\GUIArc.o
#        C:\Users\ñÒºé±ö\Desktop\NXPCar2017\Prj\IAR\Debug\Obj\GUIChar.o
#        C:\Users\ñÒºé±ö\Desktop\NXPCar2017\Prj\IAR\Debug\Obj\GUICharLine.o
#        C:\Users\ñÒºé±ö\Desktop\NXPCar2017\Prj\IAR\Debug\Obj\GUICharM.o
#        C:\Users\ñÒºé±ö\Desktop\NXPCar2017\Prj\IAR\Debug\Obj\GUICharP.o
#        C:\Users\ñÒºé±ö\Desktop\NXPCar2017\Prj\IAR\Debug\Obj\GUICirc.o
#        C:\Users\ñÒºé±ö\Desktop\NXPCar2017\Prj\IAR\Debug\Obj\GUIColor2Index.o
#        C:\Users\ñÒºé±ö\Desktop\NXPCar2017\Prj\IAR\Debug\Obj\GUICore.o
#        C:\Users\ñÒºé±ö\Desktop\NXPCar2017\Prj\IAR\Debug\Obj\GUICurs.o
#        C:\Users\ñÒºé±ö\Desktop\NXPCar2017\Prj\IAR\Debug\Obj\GUIEncJS.o
#        C:\Users\ñÒºé±ö\Desktop\NXPCar2017\Prj\IAR\Debug\Obj\GUIIndex2Color.o
#        C:\Users\ñÒºé±ö\Desktop\NXPCar2017\Prj\IAR\Debug\Obj\GUIPolyE.o
#        C:\Users\ñÒºé±ö\Desktop\NXPCar2017\Prj\IAR\Debug\Obj\GUIPolyM.o
#        C:\Users\ñÒºé±ö\Desktop\NXPCar2017\Prj\IAR\Debug\Obj\GUIPolyR.o
#        C:\Users\ñÒºé±ö\Desktop\NXPCar2017\Prj\IAR\Debug\Obj\GUIRealloc.o
#        C:\Users\ñÒºé±ö\Desktop\NXPCar2017\Prj\IAR\Debug\Obj\GUIStream.o
#        C:\Users\ñÒºé±ö\Desktop\NXPCar2017\Prj\IAR\Debug\Obj\GUITask.o
#        C:\Users\ñÒºé±ö\Desktop\NXPCar2017\Prj\IAR\Debug\Obj\GUITime.o
#        C:\Users\ñÒºé±ö\Desktop\NXPCar2017\Prj\IAR\Debug\Obj\GUITimer.o
#        C:\Users\ñÒºé±ö\Desktop\NXPCar2017\Prj\IAR\Debug\Obj\GUIUC0.o
#        C:\Users\ñÒºé±ö\Desktop\NXPCar2017\Prj\IAR\Debug\Obj\GUIVal.o
#        C:\Users\ñÒºé±ö\Desktop\NXPCar2017\Prj\IAR\Debug\Obj\GUIValf.o
#        C:\Users\ñÒºé±ö\Desktop\NXPCar2017\Prj\IAR\Debug\Obj\Image.o
#        C:\Users\ñÒºé±ö\Desktop\NXPCar2017\Prj\IAR\Debug\Obj\LCD.o
#        C:\Users\ñÒºé±ö\Desktop\NXPCar2017\Prj\IAR\Debug\Obj\LCD_API.o
#        C:\Users\ñÒºé±ö\Desktop\NXPCar2017\Prj\IAR\Debug\Obj\LCD_DrawBitmap_565.o
#        C:\Users\ñÒºé±ö\Desktop\NXPCar2017\Prj\IAR\Debug\Obj\LCD_DrawBitmap_M565.o
#        C:\Users\ñÒºé±ö\Desktop\NXPCar2017\Prj\IAR\Debug\Obj\LCD_DrawVLine.o
#        C:\Users\ñÒºé±ö\Desktop\NXPCar2017\Prj\IAR\Debug\Obj\LCD_GetColorIndex.o
#        C:\Users\ñÒºé±ö\Desktop\NXPCar2017\Prj\IAR\Debug\Obj\LCD_GetEx.o
#        C:\Users\ñÒºé±ö\Desktop\NXPCar2017\Prj\IAR\Debug\Obj\LCD_GetNumDisplays.o
#        C:\Users\ñÒºé±ö\Desktop\NXPCar2017\Prj\IAR\Debug\Obj\LCD_GetPixelColor.o
#        C:\Users\ñÒºé±ö\Desktop\NXPCar2017\Prj\IAR\Debug\Obj\LCD_Index2ColorEx.o
#        C:\Users\ñÒºé±ö\Desktop\NXPCar2017\Prj\IAR\Debug\Obj\LCD_L0_Generic.o
#        C:\Users\ñÒºé±ö\Desktop\NXPCar2017\Prj\IAR\Debug\Obj\LCD_Mirror.o
#        C:\Users\ñÒºé±ö\Desktop\NXPCar2017\Prj\IAR\Debug\Obj\LCD_MixColors256.o
#        C:\Users\ñÒºé±ö\Desktop\NXPCar2017\Prj\IAR\Debug\Obj\LCD_Rotate180.o
#        C:\Users\ñÒºé±ö\Desktop\NXPCar2017\Prj\IAR\Debug\Obj\LCD_RotateCCW.o
#        C:\Users\ñÒºé±ö\Desktop\NXPCar2017\Prj\IAR\Debug\Obj\LCD_RotateCW.o
#        C:\Users\ñÒºé±ö\Desktop\NXPCar2017\Prj\IAR\Debug\Obj\LCD_SelectLCD.o
#        C:\Users\ñÒºé±ö\Desktop\NXPCar2017\Prj\IAR\Debug\Obj\LCD_SetAPI.o
#        C:\Users\ñÒºé±ö\Desktop\NXPCar2017\Prj\IAR\Debug\Obj\LCD_SetClipRectEx.o
#        C:\Users\ñÒºé±ö\Desktop\NXPCar2017\Prj\IAR\Debug\Obj\LCD_UpdateColorIndices.o
#        C:\Users\ñÒºé±ö\Desktop\NXPCar2017\Prj\IAR\Debug\Obj\LCDAA.o
#        C:\Users\ñÒºé±ö\Desktop\NXPCar2017\Prj\IAR\Debug\Obj\LCDColor.o
#        C:\Users\ñÒºé±ö\Desktop\NXPCar2017\Prj\IAR\Debug\Obj\LCDDummy.o
#        C:\Users\ñÒºé±ö\Desktop\NXPCar2017\Prj\IAR\Debug\Obj\LCDGetP.o
#        C:\Users\ñÒºé±ö\Desktop\NXPCar2017\Prj\IAR\Debug\Obj\LCDInfo.o
#        C:\Users\ñÒºé±ö\Desktop\NXPCar2017\Prj\IAR\Debug\Obj\LCDInfo0.o
#        C:\Users\ñÒºé±ö\Desktop\NXPCar2017\Prj\IAR\Debug\Obj\LCDInfo1.o
#        C:\Users\ñÒºé±ö\Desktop\NXPCar2017\Prj\IAR\Debug\Obj\LCDL0Delta.o
#        C:\Users\ñÒºé±ö\Desktop\NXPCar2017\Prj\IAR\Debug\Obj\LCDL0Mag.o
#        C:\Users\ñÒºé±ö\Desktop\NXPCar2017\Prj\IAR\Debug\Obj\LCDP0.o
#        C:\Users\ñÒºé±ö\Desktop\NXPCar2017\Prj\IAR\Debug\Obj\LCDP1.o
#        C:\Users\ñÒºé±ö\Desktop\NXPCar2017\Prj\IAR\Debug\Obj\LCDP2.o
#        C:\Users\ñÒºé±ö\Desktop\NXPCar2017\Prj\IAR\Debug\Obj\LCDP4.o
#        C:\Users\ñÒºé±ö\Desktop\NXPCar2017\Prj\IAR\Debug\Obj\LCDP565_Index2Color.o
#        C:\Users\ñÒºé±ö\Desktop\NXPCar2017\Prj\IAR\Debug\Obj\LCDPM565_Index2Color.o
#        C:\Users\ñÒºé±ö\Desktop\NXPCar2017\Prj\IAR\Debug\Obj\LCDRLE4.o
#        C:\Users\ñÒºé±ö\Desktop\NXPCar2017\Prj\IAR\Debug\Obj\LCDRLE8.o
#        C:\Users\ñÒºé±ö\Desktop\NXPCar2017\Prj\IAR\Debug\Obj\main.o
#        C:\Users\ñÒºé±ö\Desktop\NXPCar2017\Prj\IAR\Debug\Obj\misc.o
#        C:\Users\ñÒºé±ö\Desktop\NXPCar2017\Prj\IAR\Debug\Obj\MK60_adc.o
#        C:\Users\ñÒºé±ö\Desktop\NXPCar2017\Prj\IAR\Debug\Obj\MK60_conf.o
#        C:\Users\ñÒºé±ö\Desktop\NXPCar2017\Prj\IAR\Debug\Obj\MK60_dac.o
#        C:\Users\ñÒºé±ö\Desktop\NXPCar2017\Prj\IAR\Debug\Obj\MK60_dma.o
#        C:\Users\ñÒºé±ö\Desktop\NXPCar2017\Prj\IAR\Debug\Obj\MK60_DWT.o
#        C:\Users\ñÒºé±ö\Desktop\NXPCar2017\Prj\IAR\Debug\Obj\MK60_flash.o
#        C:\Users\ñÒºé±ö\Desktop\NXPCar2017\Prj\IAR\Debug\Obj\MK60_ftm.o
#        C:\Users\ñÒºé±ö\Desktop\NXPCar2017\Prj\IAR\Debug\Obj\MK60_gpio.o
#        C:\Users\ñÒºé±ö\Desktop\NXPCar2017\Prj\IAR\Debug\Obj\MK60_i2c.o
#        C:\Users\ñÒºé±ö\Desktop\NXPCar2017\Prj\IAR\Debug\Obj\MK60_it.o
#        C:\Users\ñÒºé±ö\Desktop\NXPCar2017\Prj\IAR\Debug\Obj\MK60_lptmr.o
#        C:\Users\ñÒºé±ö\Desktop\NXPCar2017\Prj\IAR\Debug\Obj\MK60_mcg.o
#        C:\Users\ñÒºé±ö\Desktop\NXPCar2017\Prj\IAR\Debug\Obj\MK60_PIT.o
#        C:\Users\ñÒºé±ö\Desktop\NXPCar2017\Prj\IAR\Debug\Obj\MK60_port.o
#        C:\Users\ñÒºé±ö\Desktop\NXPCar2017\Prj\IAR\Debug\Obj\MK60_rtc.o
#        C:\Users\ñÒºé±ö\Desktop\NXPCar2017\Prj\IAR\Debug\Obj\MK60_sdhc.o
#        C:\Users\ñÒºé±ö\Desktop\NXPCar2017\Prj\IAR\Debug\Obj\MK60_spi.o
#        C:\Users\ñÒºé±ö\Desktop\NXPCar2017\Prj\IAR\Debug\Obj\MK60_SysTick.o
#        C:\Users\ñÒºé±ö\Desktop\NXPCar2017\Prj\IAR\Debug\Obj\MK60_uart.o
#        C:\Users\ñÒºé±ö\Desktop\NXPCar2017\Prj\IAR\Debug\Obj\MK60_wdog.o
#        C:\Users\ñÒºé±ö\Desktop\NXPCar2017\Prj\IAR\Debug\Obj\Motor.o
#        C:\Users\ñÒºé±ö\Desktop\NXPCar2017\Prj\IAR\Debug\Obj\PID.o
#        C:\Users\ñÒºé±ö\Desktop\NXPCar2017\Prj\IAR\Debug\Obj\SCAR_OLED.o
#        C:\Users\ñÒºé±ö\Desktop\NXPCar2017\Prj\IAR\Debug\Obj\startup_MK60DZ10.o
#        C:\Users\ñÒºé±ö\Desktop\NXPCar2017\Prj\IAR\Debug\Obj\system_MK60DZ10.o
#        C:\Users\ñÒºé±ö\Desktop\NXPCar2017\Prj\IAR\Debug\Obj\VCAN_camera.o
#        C:\Users\ñÒºé±ö\Desktop\NXPCar2017\Prj\IAR\Debug\Obj\VCAN_computer.o
#        C:\Users\ñÒºé±ö\Desktop\NXPCar2017\Prj\IAR\Debug\Obj\VCAN_key.o
#        C:\Users\ñÒºé±ö\Desktop\NXPCar2017\Prj\IAR\Debug\Obj\VCAN_LED.o
#        C:\Users\ñÒºé±ö\Desktop\NXPCar2017\Prj\IAR\Debug\Obj\VCAN_OV7725_Eagle.o
#        C:\Users\ñÒºé±ö\Desktop\NXPCar2017\Prj\IAR\Debug\Obj\VCAN_RTC_count.o
#        C:\Users\ñÒºé±ö\Desktop\NXPCar2017\Prj\IAR\Debug\Obj\VCAN_SCCB.o
#        C:\Users\ñÒºé±ö\Desktop\NXPCar2017\Prj\IAR\Debug\Obj\vectors.o -o
#        C:\Users\ñÒºé±ö\Desktop\NXPCar2017\Prj\IAR\Debug\Exe\NXPCar2018.out
#        --map
#        C:\Users\ñÒºé±ö\Desktop\NXPCar2017\Prj\IAR\Debug\List\NXPCar2018.map
#        --config "C:\Users\ñÒºé±ö\Desktop\NXPCar2017\Prj\IAR\config
#        files\vcan_ROM_K60N1M.icf" --semihosting
#        C:\Users\ñÒºé±ö\Desktop\NXPCar2017\Prj\IAR\..\..\Lib\CMSIS\iar_cortexM4l_math.a
#        --entry __iar_program_start --inline --vfe
#
###############################################################################

*******************************************************************************
*** RUNTIME MODEL ATTRIBUTES
***

CppFlavor       = *
__SystemLibrary = DLib


*******************************************************************************
*** PLACEMENT SUMMARY
***

"A1":  place at 0x00000000 { ro section .intvec };
"A2":  place at 0x00000410 { ro section .noinit };
"P1":  place in [from 0x00000000 to 0x00100000] { ro, block CodeRelocate };
"P2":  place in [from 0x1fff0410 to 0x20010000] {
          rw, block CodeRelocateRam, block CSTACK, block HEAP };

  Section              Kind        Address    Size  Object
  -------              ----        -------    ----  ------
"A1":                                        0x410
  .intvec              const    0x00000000   0x410  vectors.o [1]
                              - 0x00000410   0x410

"A2":                                          0x8
  .noinit              ro code  0x00000410     0x8  startup_MK60DZ10.o [1]
                              - 0x00000418     0x8

"P1":                                       0x590c
  .text                ro code  0x00000418   0xd8e  xprintffull_nomb.o [3]
  .text                ro code  0x000011a8    0x16  strchr.o [5]
  .text                ro code  0x000011c0    0x36  strlen.o [5]
  .text                ro code  0x000011f8    0x58  memchr.o [5]
  .text                ro code  0x00001250    0xee  I64DivMod.o [5]
  .text                ro code  0x00001340    0x76  ABImemcpy_unaligned.o [5]
  .text                ro code  0x000013b6    0x42  xdnorm.o [4]
  .text                ro code  0x000013f8    0x2e  DblCmpLe.o [4]
  .text                ro code  0x00001428    0x2e  DblCmpGe.o [4]
  .text                ro code  0x00001458   0x114  xdscale.o [4]
  .text                ro code  0x0000156c    0x58  DblToI32.o [4]
  .text                ro code  0x000015c4    0x30  I32ToDbl.o [4]
  .text                ro code  0x000015f4   0x180  DblSub.o [4]
  .text                ro code  0x00001774   0x1a2  DblMul.o [4]
  .text                ro code  0x00001918   0x256  DblDiv.o [4]
  .text                ro code  0x00001b70    0x6c  localeconv.o [3]
  .text                ro code  0x00001bdc     0xe  div.o [3]
  .text                ro code  0x00001bec     0x2  I64DivZer.o [5]
  .text                ro code  0x00001bf0    0xd4  DblAdd.o [4]
  .data_init                    0x00001cc4   0x858  <Block>
    Initializer bytes  const    0x00001cc4   0x858  <for .data-1>
  .text                ro code  0x0000251c   0x5f4  LCDDummy.o [1]
  .text                ro code  0x00002b10   0x2b0  SCAR_OLED.o [1]
  .text                ro code  0x00002dc0   0x19c  MK60_gpio.o [1]
  .text                ro code  0x00002f5c    0x64  MK60_SysTick.o [1]
  .text                ro code  0x00002fc0    0xb8  MK60_port.o [1]
  Veneer               ro code  0x00003078     0x8  - Linker created -
  Veneer               ro code  0x00003080     0x8  - Linker created -
  .text                ro code  0x00003088   0x140  MK60_conf.o [1]
  .text                ro code  0x000031c8    0x70  VCAN_LED.o [1]
  .text                ro code  0x00003238    0x24  printf.o [3]
  .text                ro code  0x0000325c   0x248  MK60_uart.o [1]
  .text                ro code  0x000034a4    0x9c  VCAN_key.o [1]
  .rodata              const    0x00003540   0x518  F6x8.o [1]
  Veneer               ro code  0x00003a58     0x8  - Linker created -
  .text                ro code  0x00003a60   0x3c4  MK60_mcg.o [1]
  .text                ro code  0x00003e24   0x3ac  LCD.o [1]
  .text                ro code  0x000041d0    0x2e  LCD_L0_Generic.o [1]
  .text                ro code  0x00004200    0x24  LCDColor.o [1]
  .text                ro code  0x00004224   0x362  VCAN_SCCB.o [1]
  .text                ro code  0x00004588   0x2c4  camera.o [1]
  .text                ro code  0x0000484c   0x210  VCAN_OV7725_Eagle.o [1]
  .text                ro code  0x00004a5c    0x50  misc.o [1]
  .text                ro code  0x00004aac   0x268  MK60_dma.o [1]
  .text                ro code  0x00004d14   0x21e  GUICharM.o [1]
  CodeRelocate                  0x00004f34   0x1f0  <Block>
    Initializer bytes  const    0x00004f34   0x1f0  <for CodeRelocateRam-1>
  .rodata              const    0x00005124   0x1c0  F6x8.o [1]
  .text                ro code  0x000052e4   0x144  GUICharLine.o [1]
  .text                ro code  0x00005428    0x3a  GUI_RectsIntersect.o [1]
  .text                ro code  0x00005464    0x54  GUI_UC.o [1]
  .text                ro code  0x000054b8    0x78  GUIChar.o [1]
  .text                ro code  0x00005530   0x13c  GUI_DispString.o [1]
  .text                ro code  0x0000566c   0x130  system_MK60DZ10.o [1]
  .text                ro code  0x0000579c    0x40  MK60_wdog.o [1]
  .text                ro code  0x000057dc    0x34  main.o [1]
  .text                ro code  0x00005810    0x6c  GUICore.o [1]
  .text                ro code  0x0000587c    0x40  zero_init3.o [5]
  .rodata              const    0x000058bc    0x3c  MK60_conf.o [1]
  .rodata              const    0x000058f8    0x3c  MK60_flash.o [1]
  .rodata              const    0x00005934    0x3c  MK60_SysTick.o [1]
  .rodata              const    0x00005970    0x38  MK60_dma.o [1]
  .rodata              const    0x000059a8    0x38  MK60_gpio.o [1]
  .rodata              const    0x000059e0    0x38  MK60_uart.o [1]
  .rodata              const    0x00005a18    0x34  misc.o [1]
  .text                ro code  0x00005a4c    0x28  data_init.o [5]
  .rodata              const    0x00005a74    0x24  MK60_conf.o [1]
  .rodata              const    0x00005a98    0x24  VCAN_OV7725_Eagle.o [1]
  .rodata              const    0x00005abc    0x24  VCAN_OV7725_Eagle.o [1]
  .text                ro code  0x00005ae0    0x22  fpinit_M.o [4]
  .iar.init_table      const    0x00005b04    0x10  - Linker created -
  .rodata              const    0x00005b14    0x20  F6x8.o [1]
  .rodata              const    0x00005b34    0x20  MK60_conf.o [1]
  .rodata              const    0x00005b54    0x20  VCAN_OV7725_Eagle.o [1]
  .text                ro code  0x00005b74    0x1a  GUI_UC_EncodeNone.o [1]
  .text                ro code  0x00005b90    0x1a  cmain.o [5]
  .text                ro code  0x00005baa     0x4  exit.o [3]
  .text                ro code  0x00005bb0     0xa  cexit.o [5]
  .text                ro code  0x00005bbc    0x14  exit.o [6]
  .rodata              const    0x00005bd0    0x18  VCAN_OV7725_Eagle.o [1]
  .rodata              const    0x00005be8    0x18  VCAN_OV7725_Eagle.o [1]
  .text                ro code  0x00005c00    0x16  xprout.o [3]
  .text                ro code  0x00005c18     0xc  putchar.o [3]
  .rodata              const    0x00005c24    0x14  F6x8.o [1]
  .rodata              const    0x00005c38    0x14  main.o [1]
  .rodata              const    0x00005c4c    0x14  MK60_conf.o [1]
  .rodata              const    0x00005c60    0x14  VCAN_OV7725_Eagle.o [1]
  .rodata              const    0x00005c74    0x10  GUI_UC_EncodeNone.o [1]
  .text                ro code  0x00005c84     0xc  cstartup_M.o [5]
  .rodata              const    0x00005c90     0x8  F6x8.o [1]
  .rodata              const    0x00005c98     0x4  main.o [1]
  .rodata              const    0x00005c9c     0x0  zero_init3.o [5]
  Initializer bytes    const    0x00005c9c    0x88  <for P2 s0>
                              - 0x00005d24  0x590c

"P2", part 1 of 3:                           0xa48
  .data                         0x1fff0410   0x858  <Block>
    .data-1                     0x1fff0410   0x856  <Init block>
      .data            inited   0x1fff0410   0x708  MK60_conf.o [1]
      .data            inited   0x1fff0b18    0x14  MK60_gpio.o [1]
      .data            inited   0x1fff0b2c    0x58  MK60_mcg.o [1]
      .data            inited   0x1fff0b84     0x4  MK60_mcg.o [1]
      .data            inited   0x1fff0b88    0x14  MK60_port.o [1]
      .data            inited   0x1fff0b9c    0x18  MK60_uart.o [1]
      .data            inited   0x1fff0bb4     0x8  VCAN_key.o [1]
      .data            inited   0x1fff0bbc     0x4  VCAN_LED.o [1]
      .data            inited   0x1fff0bc0    0x64  VCAN_OV7725_Eagle.o [1]
      .data            inited   0x1fff0c24    0x40  xfiles.o [3]
      .data            inited   0x1fff0c64     0x1  VCAN_OV7725_Eagle.o [1]
      .data            inited   0x1fff0c65     0x1  VCAN_OV7725_Eagle.o [1]
  CodeRelocateRam               0x1fff0c68   0x1f0  <Block>
    CodeRelocateRam-1           0x1fff0c68   0x1f0  <Init block>
      Veneer           inited   0x1fff0c68     0x8  - Linker created -
      Veneer           inited   0x1fff0c70     0x8  - Linker created -
      .textrw          inited   0x1fff0c78   0x190  MK60_flash.o [1]
      .textrw          inited   0x1fff0e08    0x50  MK60_mcg.o [1]
                              - 0x1fff0e58   0xa48

"P2", part 2 of 3:                           0x954
  .bss                          0x1fff0e58   0x954  <Block>
    .bss               zero     0x1fff0e58   0x258  camera.o [1]
    .bss               zero     0x1fff10b0   0x258  camera.o [1]
    .bss               zero     0x1fff1308    0x38  GUICore.o [1]
    .bss               zero     0x1fff1340     0x4  GUICore.o [1]
    .bss               zero     0x1fff1344     0x4  GUICore.o [1]
    .bss               zero     0x1fff1348   0x400  SCAR_OLED.o [1]
    .bss               zero     0x1fff1748     0x4  system_MK60DZ10.o [1]
    .bss               zero     0x1fff174c     0x4  system_MK60DZ10.o [1]
    .bss               zero     0x1fff1750     0x4  system_MK60DZ10.o [1]
    .bss               zero     0x1fff1754     0x4  VCAN_OV7725_Eagle.o [1]
    .bss               zero     0x1fff1758    0x50  xfiles.o [3]
    .bss               zero     0x1fff17a8     0x1  camera.o [1]
    .bss               zero     0x1fff17a9     0x1  GUICore.o [1]
                              - 0x1fff17ac   0x954

"P2", part 3 of 3:                            0x88
  P2 s0                         0x1fff17ac    0x88  <Init block>
    __DLIB_PERTHREAD   inited   0x1fff17ac    0x88  localeconv.o [3]
                              - 0x1fff1834    0x88


*******************************************************************************
*** INIT TABLE
***

          Address     Size
          -------     ----
Zero (__iar_zero_init3)
    1 destination range, total size 0x952:
          0x1fff0e58  0x952



*******************************************************************************
*** MODULE SUMMARY
***

    Module                 ro code  rw code  ro data  rw data
    ------                 -------  -------  -------  -------
C:\Users\ñÒºé±ö\Desktop\NXPCar2017\Prj\IAR\Debug\Obj: [1]
    F6x8.o                                     1 812
    GUIChar.o                  120
    GUICharLine.o              324
    GUICharM.o                 542
    GUICore.o                  108                         65
    GUI_DispString.o           316
    GUI_RectsIntersect.o        58
    GUI_UC.o                    84
    GUI_UC_EncodeNone.o         26                16
    LCD.o                      940
    LCDColor.o                  36
    LCDDummy.o               1 524
    LCD_L0_Generic.o            46
    MK60_SysTick.o             100                60
    MK60_conf.o                320             1 948    1 800
    MK60_dma.o                 616                56
    MK60_flash.o                        400      460
    MK60_gpio.o                412                76       20
    MK60_mcg.o                 964       80      172       92
    MK60_port.o                184                20       20
    MK60_uart.o                584                80       24
    MK60_wdog.o                 64
    SCAR_OLED.o                688                      1 024
    VCAN_LED.o                 112                 4        4
    VCAN_OV7725_Eagle.o        528               274      106
    VCAN_SCCB.o                866
    VCAN_key.o                 156                 8        8
    camera.o                   708                      1 201
    main.o                      52                24
    misc.o                      80                52
    startup_MK60DZ10.o           8
    system_MK60DZ10.o          304                         12
    vectors.o                                  1 040
    ---------------------------------------------------------
    Total:                  10 870      480    6 102    4 376

command line: [2]
    ---------------------------------------------------------
    Total:

dl7M_tlf.a: [3]
    div.o                       14
    exit.o                       4
    localeconv.o               108               136      136
    printf.o                    36
    putchar.o                   12
    xfiles.o                                      64      144
    xprintffull_nomb.o       3 470
    xprout.o                    22
    ---------------------------------------------------------
    Total:                   3 666               200      280

m7M_tls.a: [4]
    DblAdd.o                   212
    DblCmpGe.o                  46
    DblCmpLe.o                  46
    DblDiv.o                   598
    DblMul.o                   418
    DblSub.o                   384
    DblToI32.o                  88
    I32ToDbl.o                  48
    fpinit_M.o                  34
    xdnorm.o                    66
    xdscale.o                  276
    ---------------------------------------------------------
    Total:                   2 216

rt7M_tl.a: [5]
    ABImemcpy_unaligned.o      118
    I64DivMod.o                238
    I64DivZer.o                  2
    cexit.o                     10
    cmain.o                     26
    cstartup_M.o                12
    data_init.o                 40
    memchr.o                    88
    strchr.o                    22
    strlen.o                    54
    zero_init3.o                64
    ---------------------------------------------------------
    Total:                     674

shb_l.a: [6]
    exit.o                      20
    ---------------------------------------------------------
    Total:                      20

    Gaps                        34                 2
    Linker created              24       16       34
-------------------------------------------------------------
    Grand Total:            17 504      496    6 338    4 656


*******************************************************************************
*** ENTRY LIST
***

Entry                      Address   Size  Type      Object
-----                      -------   ----  ----      ------
.bss$$Base              0x1fff0e58          --   Gb  - Linker created -
.bss$$Limit             0x1fff17ac          --   Gb  - Linker created -
.data$$Base             0x1fff0410          --   Gb  - Linker created -
.data$$Limit            0x1fff0c68          --   Gb  - Linker created -
.data_init$$Base        0x00001cc4          --   Gb  - Linker created -
.data_init$$Limit       0x0000251c          --   Gb  - Linker created -
.iar.init_table$$Base   0x00005b04          --   Gb  - Linker created -
.iar.init_table$$Limit  0x00005b14          --   Gb  - Linker created -
?main                   0x00005b91         Code  Gb  cmain.o [5]
ASSERT_FAILED_STR       0x00005a74   0x24  Data  Gb  MK60_conf.o [1]
CameraBuff              0x1fff0e58  0x258  Data  Gb  camera.o [1]
CameraData              0x1fff10b0  0x258  Data  Gb  camera.o [1]
Camera_Get_Image        0x00004647   0x16  Code  Gb  camera.o [1]
Camera_Init             0x000045e1   0x66  Code  Gb  camera.o [1]
CodeRelocate$$Base      0x00004f34          --   Gb  - Linker created -
CodeRelocate$$Limit     0x00005124          --   Gb  - Linker created -
CodeRelocateRam$$Base   0x1fff0c68          --   Gb  - Linker created -
CodeRelocateRam$$Limit  0x1fff0e58          --   Gb  - Linker created -
DMA0_IRQHandler         0x000047e1   0x14  Code  Gb  camera.o [1]
DMA1_IRQHandler         0x000047f5   0x14  Code  Gb  camera.o [1]
DMA_Init                0x0000465d  0x15e  Code  Gb  camera.o [1]
GPIOX                   0x1fff0b18   0x14  Data  Gb  MK60_gpio.o [1]
GUIMONO_DispChar        0x00004d15  0x1be  Code  Gb  GUICharM.o [1]
GUIMONO_GetCharDistX    0x00004ed3   0x16  Code  Gb  GUICharM.o [1]
GUIMONO_GetFontInfo     0x00004eed    0x6  Code  Gb  GUICharM.o [1]
GUIMONO_IsInFont        0x00004ef3   0x40  Code  Gb  GUICharM.o [1]
GUI_Context             0x1fff1308   0x38  Data  Gb  GUICore.o [1]
GUI_DecChar             0x1fff17a9    0x1  Data  Gb  GUICore.o [1]
GUI_DispString          0x00005531  0x13c  Code  Gb  GUI_DispString.o [1]
GUI_F6x8_Mono           0x00005c24   0x14  Data  Gb  F6x8.o [1]
GUI_F6x8_TI8859_1       0x00005c90    0x8  Data  Gb  F6x8.o [1]
GUI_F6x8_TL8859_1       0x00005124  0x1c0  Data  Gb  F6x8.o [1]
GUI_Font6x8             0x00005b14   0x20  Data  Gb  F6x8.o [1]
GUI_GetCharDistX        0x00005515   0x16  Code  Gb  GUIChar.o [1]
GUI_GetFontDistY        0x00005501   0x14  Code  Gb  GUIChar.o [1]
GUI_GetYAdjust          0x000054b9   0x48  Code  Gb  GUIChar.o [1]
GUI_Init                0x0000584b   0x1c  Code  Gb  GUICore.o [1]
GUI_RectsIntersect      0x00005429   0x3a  Code  Gb  GUI_RectsIntersect.o [1]
GUI_UC__GetCharCodeInc  0x00005465   0x28  Code  Gb  GUI_UC.o [1]
GUI_UC__NumChars2NumBytes
                        0x0000548d   0x26  Code  Gb  GUI_UC.o [1]
GUI__API_TableNone      0x00005c74   0x10  Data  Gb  GUI_UC_EncodeNone.o [1]
GUI__DispLine           0x000053db   0x42  Code  Gb  GUICharLine.o [1]
GUI__GetLineDistX       0x00005393   0x48  Code  Gb  GUICharLine.o [1]
GUI__GetLineNumChars    0x0000534d   0x46  Code  Gb  GUICharLine.o [1]
GUI_acFont6x8           0x00003540  0x518  Data  Gb  F6x8.o [1]
GUI_pLCD_APIList        0x1fff1344    0x4  Data  Gb  GUICore.o [1]
GUI_pfDispCharStyle     0x1fff1340    0x4  Data  Gb  GUICore.o [1]
ImageStatus             0x1fff17a8    0x1  Data  Gb  camera.o [1]
KEY_PTxn                0x1fff0bb4    0x8  Data  Gb  VCAN_key.o [1]
LCD_Color2Index         0x00004173    0xc  Code  Gb  LCD.o [1]
LCD_DrawBitmap          0x00003ef9  0x238  Code  Gb  LCD.o [1]
LCD_FillRect            0x00003e91   0x68  Code  Gb  LCD.o [1]
LCD_Index2Color         0x0000417f    0xc  Code  Gb  LCD.o [1]
LCD_Init                0x0000413b   0x38  Code  Gb  LCD.o [1]
LCD_InitLUT             0x00004201   0x24  Code  Gb  LCDColor.o [1]
LCD_L0_Color2Index      0x000041d1   0x10  Code  Gb  LCD_L0_Generic.o [1]
LCD_L0_DrawBitmap       0x00002a6f   0x98  Code  Gb  LCDDummy.o [1]
LCD_L0_DrawHLine        0x00002a17   0x36  Code  Gb  LCDDummy.o [1]
LCD_L0_FillRect         0x00002a51   0x1e  Code  Gb  LCDDummy.o [1]
LCD_L0_GetPixelIndex    0x000029ed    0xa  Code  Gb  LCDDummy.o [1]
LCD_L0_GetRect          0x000041ed   0x12  Code  Gb  LCD_L0_Generic.o [1]
LCD_L0_Index2Color      0x000041e1    0xc  Code  Gb  LCD_L0_Generic.o [1]
LCD_L0_Init             0x00002b07    0xa  Code  Gb  LCDDummy.o [1]
LCD_L0_SetPixelIndex    0x000029d9   0x14  Code  Gb  LCDDummy.o [1]
LCD_L0_XorPixel         0x000029f7   0x20  Code  Gb  LCDDummy.o [1]
LCD_SetBkColor          0x0000418b   0x1c  Code  Gb  LCD.o [1]
LCD_SetBkColorIndex     0x00003e47   0x12  Code  Gb  LCD.o [1]
LCD_SetClipRectMax      0x00004131    0xa  Code  Gb  LCD.o [1]
LCD_SetColor            0x000041a7   0x1c  Code  Gb  LCD.o [1]
LCD_SetColorIndex       0x00003e35   0x12  Code  Gb  LCD.o [1]
LCD_SetDrawMode         0x00003e59   0x38  Code  Gb  LCD.o [1]
LED_PTxn                0x1fff0bbc    0x4  Data  Gb  VCAN_LED.o [1]
LoadInt                 0x0000099d   0x6e  Code  Lc  xprintffull_nomb.o [3]
NVIC_DisableIRQ         0x00004861   0x14  Code  Lc  VCAN_OV7725_Eagle.o [1]
NVIC_EnableIRQ          0x000045a7   0x14  Code  Lc  camera.o [1]
NVIC_EnableIRQ          0x0000484d   0x14  Code  Lc  VCAN_OV7725_Eagle.o [1]
NVIC_SetPriority        0x000045bb   0x26  Code  Lc  camera.o [1]
NVIC_SetPriorityGrouping
                        0x00004589   0x1e  Code  Lc  camera.o [1]
NVIC_SystemReset        0x00003089   0x1a  Code  Lc  MK60_conf.o [1]
OLED_Clear              0x00002d85   0x36  Code  Gb  SCAR_OLED.o [1]
OLED_DLY_ms             0x00002bad    0xe  Code  Gb  SCAR_OLED.o [1]
OLED_DrawPoint          0x00002cd5   0x6a  Code  Gb  SCAR_OLED.o [1]
OLED_GRAM               0x1fff1348  0x400  Data  Gb  SCAR_OLED.o [1]
OLED_Updata             0x00002d3f   0x46  Code  Gb  SCAR_OLED.o [1]
OLED_WriteCmd           0x00002b5f   0x4e  Code  Gb  SCAR_OLED.o [1]
OLED_WriteData          0x00002b11   0x4e  Code  Gb  SCAR_OLED.o [1]
PORTA_IRQHandler        0x000047bd   0x22  Code  Gb  camera.o [1]
PORTX                   0x1fff0b88   0x14  Data  Gb  MK60_port.o [1]
Region$$Table$$Base     0x00005b04          --   Gb  - Linker created -
Region$$Table$$Limit    0x00005b14          --   Gb  - Linker created -
Reset_Handler           0x00000411         Code  Gb  startup_MK60DZ10.o [1]
SCAR_OLED_Init          0x00002bbb  0x11a  Code  Gb  SCAR_OLED.o [1]
SCCB_Ack                0x000042f9   0x3c  Code  Lc  VCAN_SCCB.o [1]
SCCB_GPIO_init          0x0000423f   0x28  Code  Gb  VCAN_SCCB.o [1]
SCCB_NoAck              0x00004335   0x3c  Code  Lc  VCAN_SCCB.o [1]
SCCB_ReadByte           0x000044d5   0x2c  Code  Gb  VCAN_SCCB.o [1]
SCCB_ReadByte_one       0x00004501   0x86  Code  Lc  VCAN_SCCB.o [1]
SCCB_ReceiveByte        0x00004401   0x54  Code  Lc  VCAN_SCCB.o [1]
SCCB_SendByte           0x000043bd   0x44  Code  Lc  VCAN_SCCB.o [1]
SCCB_Start              0x00004267   0x5e  Code  Lc  VCAN_SCCB.o [1]
SCCB_Stop               0x000042c5   0x34  Code  Lc  VCAN_SCCB.o [1]
SCCB_WaitAck            0x00004371   0x4c  Code  Lc  VCAN_SCCB.o [1]
SCCB_WriteByte          0x00004465   0x28  Code  Gb  VCAN_SCCB.o [1]
SCCB_WriteByte_one      0x0000448d   0x48  Code  Lc  VCAN_SCCB.o [1]
SCCB_delay              0x00004225   0x1a  Code  Lc  VCAN_SCCB.o [1]
UARTN                   0x1fff0b9c   0x18  Data  Gb  MK60_uart.o [1]
_CalcSizeOfChar         0x00005b81    0x6  Code  Lc  GUI_UC_EncodeNone.o [1]
_DispLine               0x000052e5   0x68  Code  Lc  GUICharLine.o [1]
_DrawBitLine1BPP        0x0000251d   0xd8  Code  Lc  LCDDummy.o [1]
_DrawBitLine2BPP        0x000025f5  0x194  Code  Lc  LCDDummy.o [1]
_DrawBitLine4BPP        0x00002789  0x192  Code  Lc  LCDDummy.o [1]
_DrawBitLine8BPP        0x0000291b   0xbe  Code  Lc  LCDDummy.o [1]
_Encode                 0x00005b87    0x8  Code  Lc  GUI_UC_EncodeNone.o [1]
_GenldFullNoMb          0x00000f13  0x24c  Code  Lc  xprintffull_nomb.o [3]
_GetCharCode            0x00005b75    0x6  Code  Lc  GUI_UC_EncodeNone.o [1]
_GetCharSize            0x00005b7b    0x6  Code  Lc  GUI_UC_EncodeNone.o [1]
_GetColorIndex          0x00003e25   0x10  Code  Lc  LCD.o [1]
_InitContext            0x00005811   0x3a  Code  Lc  GUICore.o [1]
_LdtobFullNoMb          0x00000b11  0x3fc  Code  Lc  xprintffull_nomb.o [3]
_LitobFullNoMb          0x00000a0b  0x106  Code  Lc  xprintffull_nomb.o [3]
_Locale_aeabi_lconv     0x1fff17fc   0x38  Data  Gb  localeconv.o [3]
_Locale_lconv           0x1fff17ac   0x50  Data  Gb  localeconv.o [3]
_PrintfFullNoMb         0x00000419  0x57e  Code  Gb  xprintffull_nomb.o [3]
_Prout                  0x00005c01   0x16  Code  Gb  xprout.o [3]
_PutcharsFullNoMb       0x0000115f   0x2e  Code  Lc  xprintffull_nomb.o [3]
__BOOT_STACK_ADDRESS {Abs}
                        0x2000fff8          --   Gb  command line/config [2]
__VECTOR_RAM {Abs}      0x1fff0000          --   Gb  command line/config [2]
__VECTOR_TABLE {Abs}    0x00000000          --   Gb  command line/config [2]
__aeabi_cdcmple         0x000013f9         Code  Gb  DblCmpLe.o [4]
__aeabi_cdrcmple        0x00001429         Code  Gb  DblCmpGe.o [4]
__aeabi_d2iz            0x0000156d         Code  Gb  DblToI32.o [4]
__aeabi_d2uiz           0x00001599         Code  Gb  DblToI32.o [4]
__aeabi_ddiv            0x00001919         Code  Gb  DblDiv.o [4]
__aeabi_dmul            0x00001775         Code  Gb  DblMul.o [4]
__aeabi_dsub            0x000015f5         Code  Gb  DblSub.o [4]
__aeabi_i2d             0x000015c5         Code  Gb  I32ToDbl.o [4]
__aeabi_ldiv0           0x00001bed         Code  Gb  I64DivZer.o [5]
__aeabi_ui2d            0x000015d9         Code  Gb  I32ToDbl.o [4]
__aeabi_uldivmod        0x00001251         Code  Gb  I64DivMod.o [5]
__cmain                 0x00005b91         Code  Gb  cmain.o [5]
__code_start__ {Abs}    0x00000410          --   Gb  command line/config [2]
__exit                  0x00005bbd   0x14  Code  Gb  exit.o [6]
__iar_Dnorm             0x000013b7   0x42  Code  Gb  xdnorm.o [4]
__iar_Dscale            0x00001459  0x114  Code  Gb  xdscale.o [4]
__iar_Locale_lconv_init
                        0x00001b71   0x3a  Code  Gb  localeconv.o [3]
__iar_Memchr            0x000011f9         Code  Gb  memchr.o [5]
__iar_Stdout            0x1fff0c24   0x40  Data  Gb  xfiles.o [3]
__iar_Strchr            0x000011a9         Code  Gb  strchr.o [5]
__iar_d2uiz             0x000015a5         Code  Gb  DblToI32.o [4]
__iar_dadd              0x00001bf1         Code  Gb  DblAdd.o [4]
__iar_data_init3        0x00005a4d   0x28  Code  Gb  data_init.o [5]
__iar_dsub              0x00001609         Code  Gb  DblSub.o [4]
__iar_dsubStart         0x0000161b         Code  Gb  DblSub.o [4]
__iar_init_vfp          0x00005ae1         Code  Gb  fpinit_M.o [4]
__iar_program_start     0x00005c85         Code  Gb  cstartup_M.o [5]
__iar_ui2d              0x000015dd         Code  Gb  I32ToDbl.o [4]
__iar_unaligned___aeabi_memcpy
                        0x00001341         Code  Gb  ABImemcpy_unaligned.o [5]
__iar_unaligned___aeabi_memcpy4
                        0x00001361         Code  Gb  ABImemcpy_unaligned.o [5]
__iar_unaligned___aeabi_memcpy8
                        0x00001361         Code  Gb  ABImemcpy_unaligned.o [5]
__iar_zero_init3        0x0000587d   0x40  Code  Gb  zero_init3.o [5]
__vector_table          0x00000000  0x410  Data  Gb  vectors.o [1]
_call_main              0x00005b9d         Code  Gb  cmain.o [5]
_exit                   0x00005bb1         Code  Gb  cexit.o [5]
_main                   0x00005ba7         Code  Gb  cmain.o [5]
assert_failed           0x000030a3   0x26  Code  Gb  MK60_conf.o [1]
bus_clk_khz             0x1fff1750    0x4  Data  Gb  system_MK60DZ10.o [1]
common_startup          0x000056cb   0x98  Code  Gb  system_MK60DZ10.o [1]
core_clk_khz            0x1fff1748    0x4  Data  Gb  system_MK60DZ10.o [1]
core_clk_mhz            0x1fff174c    0x4  Data  Gb  system_MK60DZ10.o [1]
default_isr             0x00003177   0x30  Code  Gb  MK60_conf.o [1]
div                     0x00001bdd    0xe  Code  Gb  div.o [3]
dma_gpio_input_init     0x00004aad   0x5c  Code  Lc  MK60_dma.o [1]
dma_portx2buff_init     0x00004b09  0x1d8  Code  Gb  MK60_dma.o [1]
exit                    0x00005bab    0x4  Code  Gb  exit.o [3]
flash_cmd               0x1fff0c79   0x20  Code  Gb  MK60_flash.o [1]
flash_erase_sector      0x1fff0cbd   0x5c  Code  Gb  MK60_flash.o [1]
flash_init              0x1fff0c99   0x24  Code  Gb  MK60_flash.o [1]
flash_write             0x1fff0d19   0xb4  Code  Gb  MK60_flash.o [1]
fputc                   0x000030c9   0x14  Code  Gb  MK60_conf.o [1]
gpio_get                0x00002f19   0x3a  Code  Gb  MK60_gpio.o [1]
gpio_init               0x00002dc1   0xae  Code  Gb  MK60_gpio.o [1]
gpio_set                0x00002e6f   0x72  Code  Gb  MK60_gpio.o [1]
gpio_turn               0x00002ee1   0x38  Code  Gb  MK60_gpio.o [1]
key_check               0x00003511   0x2a  Code  Gb  VCAN_key.o [1]
key_get                 0x000034f7   0x1a  Code  Gb  VCAN_key.o [1]
key_init                0x000034a5   0x52  Code  Gb  VCAN_key.o [1]
led_init                0x000031c9   0x3a  Code  Gb  VCAN_LED.o [1]
led_turn                0x00003203   0x32  Code  Gb  VCAN_LED.o [1]
localeconv              0x00001bab   0x16  Code  Gb  localeconv.o [3]
main                    0x000057dd   0x34  Code  Gb  main.o [1]
mcg_cfg                 0x1fff0b2c   0x58  Data  Gb  MK60_mcg.o [1]
mcg_div                 0x1fff0b84    0x4  Data  Gb  MK60_mcg.o [1]
mcg_div_count           0x00003a61  0x2f4  Code  Gb  MK60_mcg.o [1]
memchr                  0x000011f9         Code  Gb  memchr.o [5]
obuf                    0x1fff1758   0x50  Data  Lc  xfiles.o [3]
ov7725_eagle_cfgnum     0x1fff0c65    0x1  Data  Gb  VCAN_OV7725_Eagle.o [1]
ov7725_eagle_dma        0x00004935   0x14  Code  Gb  VCAN_OV7725_Eagle.o [1]
ov7725_eagle_get_img    0x00004949   0x18  Code  Gb  VCAN_OV7725_Eagle.o [1]
ov7725_eagle_img_buff   0x1fff1754    0x4  Data  Gb  VCAN_OV7725_Eagle.o [1]
ov7725_eagle_img_flag   0x1fff0c64    0x1  Data  Gb  VCAN_OV7725_Eagle.o [1]
ov7725_eagle_init       0x00004875   0x18  Code  Gb  VCAN_OV7725_Eagle.o [1]
ov7725_eagle_port_init  0x0000488d   0x54  Code  Lc  VCAN_OV7725_Eagle.o [1]
ov7725_eagle_reg        0x1fff0bc0   0x64  Data  Gb  VCAN_OV7725_Eagle.o [1]
ov7725_eagle_reg_init   0x00004961   0xb0  Code  Lc  VCAN_OV7725_Eagle.o [1]
ov7725_eagle_vsync      0x000048e1   0x54  Code  Gb  VCAN_OV7725_Eagle.o [1]
pll_init                0x00003d55   0xb2  Code  Gb  MK60_mcg.o [1]
port_init               0x00002fc1   0x48  Code  Gb  MK60_port.o [1]
port_init_NoALT         0x00003009   0x66  Code  Gb  MK60_port.o [1]
printf                  0x00003239   0x24  Code  Gb  printf.o [3]
putchar                 0x00005c19    0xc  Code  Gb  putchar.o [3]
set_sys_dividers        0x1fff0e09   0x50  Code  Gb  MK60_mcg.o [1]
set_vector_handler      0x00004a7f   0x22  Code  Gb  misc.o [1]
start                   0x0000566d   0x22  Code  Gb  system_MK60DZ10.o [1]
start_check             0x000030dd   0x9a  Code  Gb  MK60_conf.o [1]
strchr                  0x000011a9         Code  Gb  strchr.o [5]
strlen                  0x000011c1         Code  Gb  strlen.o [5]
sysinit                 0x0000568f   0x3c  Code  Gb  system_MK60DZ10.o [1]
systick_delay           0x00002f5d   0x36  Code  Gb  MK60_SysTick.o [1]
systick_delay_ms        0x00002f93   0x18  Code  Gb  MK60_SysTick.o [1]
uart_init               0x0000325d  0x214  Code  Gb  MK60_uart.o [1]
uart_putchar            0x00003471   0x1a  Code  Gb  MK60_uart.o [1]
vector_str              0x1fff0410  0x708  Data  Gb  MK60_conf.o [1]
wdog_disable            0x0000579d   0x16  Code  Gb  MK60_wdog.o [1]
wdog_unlock             0x000057b3   0x20  Code  Lc  MK60_wdog.o [1]
write_vtor              0x00004a5d   0x22  Code  Gb  misc.o [1]


[1] = C:\Users\ñÒºé±ö\Desktop\NXPCar2017\Prj\IAR\Debug\Obj
[2] = command line
[3] = dl7M_tlf.a
[4] = m7M_tls.a
[5] = rt7M_tl.a
[6] = shb_l.a

  17 504 bytes of readonly  code memory
     496 bytes of readwrite code memory
   6 338 bytes of readonly  data memory
   4 656 bytes of readwrite data memory

Errors: none
Warnings: none
